// Jest Snapshot v1, https://goo.gl/fbAQLP

exports[`renders correctly 1`] = `
<button
  disabled={false}
  href={undefined}
  onBlur={[Function]}
  onClick={[Function]}
  onFocus={[Function]}
  onKeyDown={[Function]}
  onKeyUp={[Function]}
  onMouseEnter={[Function]}
  onMouseLeave={[Function]}
  onTouchStart={[Function]}
  onTouchTap={[Function]}
  style={
    Object {
      "WebkitTapHighlightColor": "rgba(0, 0, 0, 0)",
      "backgroundColor": "rgba(0, 0, 0, 0)",
      "border": 10,
      "borderRadius": 2,
      "boxSizing": "border-box",
      "color": "#00bcd4",
      "cursor": "pointer",
      "display": "inline-block",
      "fontFamily": "Roboto, sans-serif",
      "fontSize": "inherit",
      "fontWeight": "inherit",
      "height": 28,
      "lineHeight": "28px",
      "margin": 0,
      "minWidth": 96,
      "muiPrepared": true,
      "outline": "none",
      "overflow": "hidden",
      "padding": 0,
      "position": "relative",
      "textAlign": "center",
      "textDecoration": "none",
      "transition": "all 450ms cubic-bezier(0.23, 1, 0.32, 1) 0ms",
      "userSelect": "none",
      "verticalAlign": null,
      "zIndex": 1,
    }
  }
  tabIndex={0}
  type="button"
>
  <div
    onMouseDown={[Function]}
    onMouseLeave={[Function]}
    onMouseUp={[Function]}
    onTouchEnd={[Function]}
    onTouchStart={[Function]}
  >
    <span
      className="fa fa-fw fa-cog"
      color="#00bcd4"
      onMouseEnter={[Function]}
      onMouseLeave={[Function]}
      style={
        Object {
          "color": "#00bcd4",
          "display": "inline-block",
          "fontSize": 13,
          "fontWeight": 400,
          "marginLeft": 8,
          "marginRight": 0,
          "muiPrepared": true,
          "position": "relative",
          "transition": "all 450ms cubic-bezier(0.23, 1, 0.32, 1) 0ms",
          "userSelect": "none",
          "verticalAlign": "inherit",
        }
      }
    />
    <span
      style={
        Object {
          "fontSize": 15,
          "fontWeight": 500,
          "letterSpacing": 0,
          "muiPrepared": true,
          "paddingLeft": 8,
          "paddingRight": 8,
          "position": "relative",
          "textTransform": "none",
          "verticalAlign": "inherit",
        }
      }
    >
      Hello, World!
    </span>
  </div>
</button>
`;
