// Jest Snapshot v1, https://goo.gl/fbAQLP

exports[`renders correctly 1`] = `
<div
  style={
    Object {
      "height": 36,
      "muiPrepared": true,
    }
  }
>
  <div
    style={
      Object {
        "backgroundColor": "rgba(0, 0, 0, 0)",
        "display": "flex",
        "muiPrepared": true,
        "whiteSpace": "nowrap",
        "width": "100%",
      }
    }
  >
    <button
      disabled={undefined}
      href={undefined}
      onBlur={[Function]}
      onClick={[Function]}
      onFocus={[Function]}
      onKeyDown={[Function]}
      onKeyUp={[Function]}
      onTouchTap={[Function]}
      style={
        Object {
          "WebkitTapHighlightColor": "rgba(0, 0, 0, 0)",
          "background": "none",
          "border": 10,
          "boxSizing": "border-box",
          "color": "rgba(0, 0, 0, 0.7)",
          "cursor": "pointer",
          "display": "inline-block",
          "fontFamily": "Roboto, sans-serif",
          "fontSize": 14,
          "fontWeight": 500,
          "height": 36,
          "margin": 0,
          "muiPrepared": true,
          "outline": "none",
          "padding": 0,
          "position": "relative",
          "textDecoration": "none",
          "textTransform": "uppercase",
          "verticalAlign": null,
          "width": 36,
          "zIndex": 1,
        }
      }
      tabIndex={0}
      type="button"
    >
      <div
        onMouseDown={[Function]}
        onMouseLeave={[Function]}
        onMouseUp={[Function]}
        onTouchEnd={[Function]}
        onTouchStart={[Function]}
      >
        <div
          style={
            Object {
              "alignItems": "center",
              "display": "flex",
              "flexDirection": "column",
              "height": 48,
              "justifyContent": "center",
            }
          }
        >
          <span
            className="TabbedButtonIcon fa fa-fw fa-code"
            onMouseEnter={[Function]}
            onMouseLeave={[Function]}
            style={
              Object {
                "color": "rgba(0, 0, 0, 0.7)",
                "display": "inline-block",
                "fontSize": 24,
                "marginBottom": 0,
                "muiPrepared": true,
                "position": "relative",
                "transition": "all 450ms cubic-bezier(0.23, 1, 0.32, 1) 0ms",
                "userSelect": "none",
              }
            }
          />
        </div>
      </div>
    </button>
    <button
      disabled={undefined}
      href={undefined}
      onBlur={[Function]}
      onClick={[Function]}
      onFocus={[Function]}
      onKeyDown={[Function]}
      onKeyUp={[Function]}
      onTouchTap={[Function]}
      style={
        Object {
          "WebkitTapHighlightColor": "rgba(0, 0, 0, 0)",
          "background": "none",
          "border": 10,
          "boxSizing": "border-box",
          "color": "rgba(0, 0, 0, 0.87)",
          "cursor": "pointer",
          "display": "inline-block",
          "fontFamily": "Roboto, sans-serif",
          "fontSize": 14,
          "fontWeight": 500,
          "height": 36,
          "margin": 0,
          "muiPrepared": true,
          "outline": "none",
          "padding": 0,
          "position": "relative",
          "textDecoration": "none",
          "textTransform": "uppercase",
          "verticalAlign": null,
          "width": 36,
          "zIndex": 1,
        }
      }
      tabIndex={0}
      type="button"
    >
      <div
        onMouseDown={[Function]}
        onMouseLeave={[Function]}
        onMouseUp={[Function]}
        onTouchEnd={[Function]}
        onTouchStart={[Function]}
      >
        <div
          style={
            Object {
              "alignItems": "center",
              "display": "flex",
              "flexDirection": "column",
              "height": 48,
              "justifyContent": "center",
            }
          }
        >
          <span
            className="TabbedButtonIcon fa fa-fw fa-columns"
            onMouseEnter={[Function]}
            onMouseLeave={[Function]}
            style={
              Object {
                "color": "rgba(0, 0, 0, 0.87)",
                "display": "inline-block",
                "fontSize": 24,
                "marginBottom": 0,
                "muiPrepared": true,
                "position": "relative",
                "transition": "all 450ms cubic-bezier(0.23, 1, 0.32, 1) 0ms",
                "userSelect": "none",
              }
            }
          />
        </div>
      </div>
    </button>
    <button
      disabled={undefined}
      href={undefined}
      onBlur={[Function]}
      onClick={[Function]}
      onFocus={[Function]}
      onKeyDown={[Function]}
      onKeyUp={[Function]}
      onTouchTap={[Function]}
      style={
        Object {
          "WebkitTapHighlightColor": "rgba(0, 0, 0, 0)",
          "background": "none",
          "border": 10,
          "boxSizing": "border-box",
          "color": "rgba(0, 0, 0, 0.7)",
          "cursor": "pointer",
          "display": "inline-block",
          "fontFamily": "Roboto, sans-serif",
          "fontSize": 14,
          "fontWeight": 500,
          "height": 36,
          "margin": 0,
          "muiPrepared": true,
          "outline": "none",
          "padding": 0,
          "position": "relative",
          "textDecoration": "none",
          "textTransform": "uppercase",
          "verticalAlign": null,
          "width": 36,
          "zIndex": 1,
        }
      }
      tabIndex={0}
      type="button"
    >
      <div
        onMouseDown={[Function]}
        onMouseLeave={[Function]}
        onMouseUp={[Function]}
        onTouchEnd={[Function]}
        onTouchStart={[Function]}
      >
        <div
          style={
            Object {
              "alignItems": "center",
              "display": "flex",
              "flexDirection": "column",
              "height": 48,
              "justifyContent": "center",
            }
          }
        >
          <span
            className="TabbedButtonIcon fa fa-fw fa-eye"
            onMouseEnter={[Function]}
            onMouseLeave={[Function]}
            style={
              Object {
                "color": "rgba(0, 0, 0, 0.7)",
                "display": "inline-block",
                "fontSize": 24,
                "marginBottom": 0,
                "muiPrepared": true,
                "position": "relative",
                "transition": "all 450ms cubic-bezier(0.23, 1, 0.32, 1) 0ms",
                "userSelect": "none",
              }
            }
          />
        </div>
      </div>
    </button>
  </div>
  <div
    style={
      Object {
        "width": "100%",
      }
    }
  >
    <div
      style={
        Object {
          "backgroundColor": "rgba(0, 0, 0, 0.87)",
          "bottom": 0,
          "display": "block",
          "height": 2,
          "left": "33.333333333333336%",
          "marginTop": -2,
          "muiPrepared": true,
          "position": "relative",
          "transition": "left 1s cubic-bezier(0.23, 1, 0.32, 1) 0ms",
          "width": "33.333333333333336%",
        }
      }
    />
  </div>
  <div
    className={undefined}
    style={
      Object {
        "muiPrepared": true,
      }
    }
  />
</div>
`;
