// Jest Snapshot v1, https://goo.gl/fbAQLP

exports[`renders correctly 1`] = `
<span
  className={undefined}
  onMouseDown={[Function]}
  style={
    Object {
      "WebkitUserSelect": "none",
      "color": "rgba(0, 0, 0, 0.87)",
      "cursor": "default",
      "fontWeight": 300,
      "pointerEvents": "auto",
    }
  }
>
  Hello, World!
</span>
`;
